// Jest Snapshot v1, https://goo.gl/fbAQLP

exports[`Skeleton renders 1`] = `
<View
  style={
    [
      {
        "backgroundColor": "#E5E5EA",
        "opacity": 0.5,
      },
      {
        "borderRadius": 8,
        "height": 20,
        "width": "100%",
      },
      undefined,
    ]
  }
/>
`;
