// Jest Snapshot v1, https://goo.gl/fbAQLP

exports[`Switch renders with value 1`] = `
<RCTSwitch
  accessibilityRole="switch"
  onChange={[Function]}
  onResponderTerminationRequest={[Function]}
  onStartShouldSetResponder={[Function]}
  onTintColor="#007AFF"
  style={
    [
      {
        "height": 31,
        "width": 51,
      },
      {
        "backgroundColor": "#E5E5EA",
        "borderRadius": 16,
      },
    ]
  }
  thumbTintColor="#007AFF"
  tintColor="#E5E5EA"
  value={true}
/>
`;
